C:\Users\lemos\Desktop\Projeto\dotnet\speech\MeetingGoogle\Services\SttService.cs(60,67): error CS1061: ÔÇÿSpeechClient.StreamingRecognizeStreamÔÇÖ n├úo cont├®m uma defini├º├úo para "ResponseStream" e n├úo foi poss├¡vel encontrar nenhum m├®todo de extens├úo "ResponseStream" que aceite um primeiro argumento do tipo ÔÇÿSpeechClient.StreamingRecognizeStreamÔÇÖ (voc├¬ est├í se esquecendo de usar uma diretiva ou uma refer├¬ncia de assembly?) [C:\Users\lemos\Desktop\Projeto\dotnet\speech\MeetingGoogle\MeetingGoogle_i2r5ixol_wpftmp.csproj]
C:\Users\lemos\Desktop\Projeto\dotnet\speech\MeetingGoogle\Services\SttService.cs(62,57): error CS1061: ÔÇÿTÔÇÖ n├úo cont├®m uma defini├º├úo para "Results" e n├úo foi poss├¡vel encontrar nenhum m├®todo de extens├úo "Results" que aceite um primeiro argumento do tipo ÔÇÿTÔÇÖ (voc├¬ est├í se esquecendo de usar uma diretiva ou uma refer├¬ncia de assembly?) [C:\Users\lemos\Desktop\Projeto\dotnet\speech\MeetingGoogle\MeetingGoogle_i2r5ixol_wpftmp.csproj]

FALHA da compila├º├úo.
    0 Aviso(s)
    2 Erro(s)

Tempo Decorrido 00:00:01.60

As atualiza├º├Áes de carga de trabalho est├úo dispon├¡veis. Execute `dotnet workload list` para obter mais informa├º├Áes.
